// Jest Snapshot v1, https://goo.gl/fbAQLP

exports[`App App snapshot has not changed 1`] = `
ShallowWrapper {
  "length": 1,
  Symbol(enzyme.__root__): [Circular],
  Symbol(enzyme.__unrendered__): <App />,
  Symbol(enzyme.__renderer__): Object {
    "batchedUpdates": [Function],
    "getNode": [Function],
    "render": [Function],
    "simulateEvent": [Function],
    "unmount": [Function],
  },
  Symbol(enzyme.__node__): Object {
    "instance": null,
    "key": undefined,
    "nodeType": "class",
    "props": Object {
      "children": <div>
        <h1>
          Nest Egg World
        </h1>
        <div
          className="blotter-container"
        >
          <Router
            history={
              Object {
                "action": "POP",
                "block": [Function],
                "canGo": [Function],
                "createHref": [Function],
                "entries": Array [
                  Object {
                    "hash": "",
                    "key": "m6ef0s",
                    "pathname": "/",
                    "search": "",
                    "state": undefined,
                  },
                ],
                "go": [Function],
                "goBack": [Function],
                "goForward": [Function],
                "index": 0,
                "length": 1,
                "listen": [Function],
                "location": Object {
                  "hash": "",
                  "key": "m6ef0s",
                  "pathname": "/",
                  "search": "",
                  "state": undefined,
                },
                "push": [Function],
                "replace": [Function],
              }
            }
          >
            <div>
              <Navigation />
              <Switch>
                <Route
                  component={[Function]}
                  exact={true}
                  path="/"
                />
                <Route
                  component={[Function]}
                  path="/holdings"
                />
                <Route
                  component={[Function]}
                  path="/transactions"
                />
                <Route
                  component={[Function]}
                />
              </Switch>
            </div>
          </Router>
        </div>
      </div>,
      "store": Object {
        "dispatch": [Function],
        "getState": [Function],
        "replaceReducer": [Function],
        "subscribe": [Function],
        Symbol(observable): [Function],
      },
    },
    "ref": null,
    "rendered": Object {
      "instance": null,
      "key": undefined,
      "nodeType": "host",
      "props": Object {
        "children": Array [
          <h1>
            Nest Egg World
          </h1>,
          <div
            className="blotter-container"
          >
            <Router
              history={
                Object {
                  "action": "POP",
                  "block": [Function],
                  "canGo": [Function],
                  "createHref": [Function],
                  "entries": Array [
                    Object {
                      "hash": "",
                      "key": "m6ef0s",
                      "pathname": "/",
                      "search": "",
                      "state": undefined,
                    },
                  ],
                  "go": [Function],
                  "goBack": [Function],
                  "goForward": [Function],
                  "index": 0,
                  "length": 1,
                  "listen": [Function],
                  "location": Object {
                    "hash": "",
                    "key": "m6ef0s",
                    "pathname": "/",
                    "search": "",
                    "state": undefined,
                  },
                  "push": [Function],
                  "replace": [Function],
                }
              }
            >
              <div>
                <Navigation />
                <Switch>
                  <Route
                    component={[Function]}
                    exact={true}
                    path="/"
                  />
                  <Route
                    component={[Function]}
                    path="/holdings"
                  />
                  <Route
                    component={[Function]}
                    path="/transactions"
                  />
                  <Route
                    component={[Function]}
                  />
                </Switch>
              </div>
            </Router>
          </div>,
        ],
      },
      "ref": null,
      "rendered": Array [
        Object {
          "instance": null,
          "key": undefined,
          "nodeType": "host",
          "props": Object {
            "children": "Nest Egg World",
          },
          "ref": null,
          "rendered": "Nest Egg World",
          "type": "h1",
        },
        Object {
          "instance": null,
          "key": undefined,
          "nodeType": "host",
          "props": Object {
            "children": <Router
              history={
                Object {
                  "action": "POP",
                  "block": [Function],
                  "canGo": [Function],
                  "createHref": [Function],
                  "entries": Array [
                    Object {
                      "hash": "",
                      "key": "m6ef0s",
                      "pathname": "/",
                      "search": "",
                      "state": undefined,
                    },
                  ],
                  "go": [Function],
                  "goBack": [Function],
                  "goForward": [Function],
                  "index": 0,
                  "length": 1,
                  "listen": [Function],
                  "location": Object {
                    "hash": "",
                    "key": "m6ef0s",
                    "pathname": "/",
                    "search": "",
                    "state": undefined,
                  },
                  "push": [Function],
                  "replace": [Function],
                }
              }
            >
              <div>
                <Navigation />
                <Switch>
                  <Route
                    component={[Function]}
                    exact={true}
                    path="/"
                  />
                  <Route
                    component={[Function]}
                    path="/holdings"
                  />
                  <Route
                    component={[Function]}
                    path="/transactions"
                  />
                  <Route
                    component={[Function]}
                  />
                </Switch>
              </div>
            </Router>,
            "className": "blotter-container",
          },
          "ref": null,
          "rendered": Object {
            "instance": null,
            "key": undefined,
            "nodeType": "class",
            "props": Object {
              "children": <div>
                <Navigation />
                <Switch>
                  <Route
                    component={[Function]}
                    exact={true}
                    path="/"
                  />
                  <Route
                    component={[Function]}
                    path="/holdings"
                  />
                  <Route
                    component={[Function]}
                    path="/transactions"
                  />
                  <Route
                    component={[Function]}
                  />
                </Switch>
              </div>,
              "history": Object {
                "action": "POP",
                "block": [Function],
                "canGo": [Function],
                "createHref": [Function],
                "entries": Array [
                  Object {
                    "hash": "",
                    "key": "m6ef0s",
                    "pathname": "/",
                    "search": "",
                    "state": undefined,
                  },
                ],
                "go": [Function],
                "goBack": [Function],
                "goForward": [Function],
                "index": 0,
                "length": 1,
                "listen": [Function],
                "location": Object {
                  "hash": "",
                  "key": "m6ef0s",
                  "pathname": "/",
                  "search": "",
                  "state": undefined,
                },
                "push": [Function],
                "replace": [Function],
              },
            },
            "ref": null,
            "rendered": Object {
              "instance": null,
              "key": undefined,
              "nodeType": "host",
              "props": Object {
                "children": Array [
                  <Navigation />,
                  <Switch>
                    <Route
                      component={[Function]}
                      exact={true}
                      path="/"
                    />
                    <Route
                      component={[Function]}
                      path="/holdings"
                    />
                    <Route
                      component={[Function]}
                      path="/transactions"
                    />
                    <Route
                      component={[Function]}
                    />
                  </Switch>,
                ],
              },
              "ref": null,
              "rendered": Array [
                Object {
                  "instance": null,
                  "key": undefined,
                  "nodeType": "class",
                  "props": Object {},
                  "ref": null,
                  "rendered": null,
                  "type": [Function],
                },
                Object {
                  "instance": null,
                  "key": undefined,
                  "nodeType": "class",
                  "props": Object {
                    "children": Array [
                      <Route
                        component={[Function]}
                        exact={true}
                        path="/"
                      />,
                      <Route
                        component={[Function]}
                        path="/holdings"
                      />,
                      <Route
                        component={[Function]}
                        path="/transactions"
                      />,
                      <Route
                        component={[Function]}
                      />,
                    ],
                  },
                  "ref": null,
                  "rendered": Array [
                    Object {
                      "instance": null,
                      "key": undefined,
                      "nodeType": "class",
                      "props": Object {
                        "component": [Function],
                        "exact": true,
                        "path": "/",
                      },
                      "ref": null,
                      "rendered": null,
                      "type": [Function],
                    },
                    Object {
                      "instance": null,
                      "key": undefined,
                      "nodeType": "class",
                      "props": Object {
                        "component": [Function],
                        "path": "/holdings",
                      },
                      "ref": null,
                      "rendered": null,
                      "type": [Function],
                    },
                    Object {
                      "instance": null,
                      "key": undefined,
                      "nodeType": "class",
                      "props": Object {
                        "component": [Function],
                        "path": "/transactions",
                      },
                      "ref": null,
                      "rendered": null,
                      "type": [Function],
                    },
                    Object {
                      "instance": null,
                      "key": undefined,
                      "nodeType": "class",
                      "props": Object {
                        "component": [Function],
                      },
                      "ref": null,
                      "rendered": null,
                      "type": [Function],
                    },
                  ],
                  "type": [Function],
                },
              ],
              "type": "div",
            },
            "type": [Function],
          },
          "type": "div",
        },
      ],
      "type": "div",
    },
    "type": [Function],
  },
  Symbol(enzyme.__nodes__): Array [
    Object {
      "instance": null,
      "key": undefined,
      "nodeType": "class",
      "props": Object {
        "children": <div>
          <h1>
            Nest Egg World
          </h1>
          <div
            className="blotter-container"
          >
            <Router
              history={
                Object {
                  "action": "POP",
                  "block": [Function],
                  "canGo": [Function],
                  "createHref": [Function],
                  "entries": Array [
                    Object {
                      "hash": "",
                      "key": "m6ef0s",
                      "pathname": "/",
                      "search": "",
                      "state": undefined,
                    },
                  ],
                  "go": [Function],
                  "goBack": [Function],
                  "goForward": [Function],
                  "index": 0,
                  "length": 1,
                  "listen": [Function],
                  "location": Object {
                    "hash": "",
                    "key": "m6ef0s",
                    "pathname": "/",
                    "search": "",
                    "state": undefined,
                  },
                  "push": [Function],
                  "replace": [Function],
                }
              }
            >
              <div>
                <Navigation />
                <Switch>
                  <Route
                    component={[Function]}
                    exact={true}
                    path="/"
                  />
                  <Route
                    component={[Function]}
                    path="/holdings"
                  />
                  <Route
                    component={[Function]}
                    path="/transactions"
                  />
                  <Route
                    component={[Function]}
                  />
                </Switch>
              </div>
            </Router>
          </div>
        </div>,
        "store": Object {
          "dispatch": [Function],
          "getState": [Function],
          "replaceReducer": [Function],
          "subscribe": [Function],
          Symbol(observable): [Function],
        },
      },
      "ref": null,
      "rendered": Object {
        "instance": null,
        "key": undefined,
        "nodeType": "host",
        "props": Object {
          "children": Array [
            <h1>
              Nest Egg World
            </h1>,
            <div
              className="blotter-container"
            >
              <Router
                history={
                  Object {
                    "action": "POP",
                    "block": [Function],
                    "canGo": [Function],
                    "createHref": [Function],
                    "entries": Array [
                      Object {
                        "hash": "",
                        "key": "m6ef0s",
                        "pathname": "/",
                        "search": "",
                        "state": undefined,
                      },
                    ],
                    "go": [Function],
                    "goBack": [Function],
                    "goForward": [Function],
                    "index": 0,
                    "length": 1,
                    "listen": [Function],
                    "location": Object {
                      "hash": "",
                      "key": "m6ef0s",
                      "pathname": "/",
                      "search": "",
                      "state": undefined,
                    },
                    "push": [Function],
                    "replace": [Function],
                  }
                }
              >
                <div>
                  <Navigation />
                  <Switch>
                    <Route
                      component={[Function]}
                      exact={true}
                      path="/"
                    />
                    <Route
                      component={[Function]}
                      path="/holdings"
                    />
                    <Route
                      component={[Function]}
                      path="/transactions"
                    />
                    <Route
                      component={[Function]}
                    />
                  </Switch>
                </div>
              </Router>
            </div>,
          ],
        },
        "ref": null,
        "rendered": Array [
          Object {
            "instance": null,
            "key": undefined,
            "nodeType": "host",
            "props": Object {
              "children": "Nest Egg World",
            },
            "ref": null,
            "rendered": "Nest Egg World",
            "type": "h1",
          },
          Object {
            "instance": null,
            "key": undefined,
            "nodeType": "host",
            "props": Object {
              "children": <Router
                history={
                  Object {
                    "action": "POP",
                    "block": [Function],
                    "canGo": [Function],
                    "createHref": [Function],
                    "entries": Array [
                      Object {
                        "hash": "",
                        "key": "m6ef0s",
                        "pathname": "/",
                        "search": "",
                        "state": undefined,
                      },
                    ],
                    "go": [Function],
                    "goBack": [Function],
                    "goForward": [Function],
                    "index": 0,
                    "length": 1,
                    "listen": [Function],
                    "location": Object {
                      "hash": "",
                      "key": "m6ef0s",
                      "pathname": "/",
                      "search": "",
                      "state": undefined,
                    },
                    "push": [Function],
                    "replace": [Function],
                  }
                }
              >
                <div>
                  <Navigation />
                  <Switch>
                    <Route
                      component={[Function]}
                      exact={true}
                      path="/"
                    />
                    <Route
                      component={[Function]}
                      path="/holdings"
                    />
                    <Route
                      component={[Function]}
                      path="/transactions"
                    />
                    <Route
                      component={[Function]}
                    />
                  </Switch>
                </div>
              </Router>,
              "className": "blotter-container",
            },
            "ref": null,
            "rendered": Object {
              "instance": null,
              "key": undefined,
              "nodeType": "class",
              "props": Object {
                "children": <div>
                  <Navigation />
                  <Switch>
                    <Route
                      component={[Function]}
                      exact={true}
                      path="/"
                    />
                    <Route
                      component={[Function]}
                      path="/holdings"
                    />
                    <Route
                      component={[Function]}
                      path="/transactions"
                    />
                    <Route
                      component={[Function]}
                    />
                  </Switch>
                </div>,
                "history": Object {
                  "action": "POP",
                  "block": [Function],
                  "canGo": [Function],
                  "createHref": [Function],
                  "entries": Array [
                    Object {
                      "hash": "",
                      "key": "m6ef0s",
                      "pathname": "/",
                      "search": "",
                      "state": undefined,
                    },
                  ],
                  "go": [Function],
                  "goBack": [Function],
                  "goForward": [Function],
                  "index": 0,
                  "length": 1,
                  "listen": [Function],
                  "location": Object {
                    "hash": "",
                    "key": "m6ef0s",
                    "pathname": "/",
                    "search": "",
                    "state": undefined,
                  },
                  "push": [Function],
                  "replace": [Function],
                },
              },
              "ref": null,
              "rendered": Object {
                "instance": null,
                "key": undefined,
                "nodeType": "host",
                "props": Object {
                  "children": Array [
                    <Navigation />,
                    <Switch>
                      <Route
                        component={[Function]}
                        exact={true}
                        path="/"
                      />
                      <Route
                        component={[Function]}
                        path="/holdings"
                      />
                      <Route
                        component={[Function]}
                        path="/transactions"
                      />
                      <Route
                        component={[Function]}
                      />
                    </Switch>,
                  ],
                },
                "ref": null,
                "rendered": Array [
                  Object {
                    "instance": null,
                    "key": undefined,
                    "nodeType": "class",
                    "props": Object {},
                    "ref": null,
                    "rendered": null,
                    "type": [Function],
                  },
                  Object {
                    "instance": null,
                    "key": undefined,
                    "nodeType": "class",
                    "props": Object {
                      "children": Array [
                        <Route
                          component={[Function]}
                          exact={true}
                          path="/"
                        />,
                        <Route
                          component={[Function]}
                          path="/holdings"
                        />,
                        <Route
                          component={[Function]}
                          path="/transactions"
                        />,
                        <Route
                          component={[Function]}
                        />,
                      ],
                    },
                    "ref": null,
                    "rendered": Array [
                      Object {
                        "instance": null,
                        "key": undefined,
                        "nodeType": "class",
                        "props": Object {
                          "component": [Function],
                          "exact": true,
                          "path": "/",
                        },
                        "ref": null,
                        "rendered": null,
                        "type": [Function],
                      },
                      Object {
                        "instance": null,
                        "key": undefined,
                        "nodeType": "class",
                        "props": Object {
                          "component": [Function],
                          "path": "/holdings",
                        },
                        "ref": null,
                        "rendered": null,
                        "type": [Function],
                      },
                      Object {
                        "instance": null,
                        "key": undefined,
                        "nodeType": "class",
                        "props": Object {
                          "component": [Function],
                          "path": "/transactions",
                        },
                        "ref": null,
                        "rendered": null,
                        "type": [Function],
                      },
                      Object {
                        "instance": null,
                        "key": undefined,
                        "nodeType": "class",
                        "props": Object {
                          "component": [Function],
                        },
                        "ref": null,
                        "rendered": null,
                        "type": [Function],
                      },
                    ],
                    "type": [Function],
                  },
                ],
                "type": "div",
              },
              "type": [Function],
            },
            "type": "div",
          },
        ],
        "type": "div",
      },
      "type": [Function],
    },
  ],
  Symbol(enzyme.__options__): Object {
    "adapter": ReactSixteenAdapter {
      "options": Object {
        "enableComponentDidUpdateOnSetState": true,
      },
    },
  },
}
`;
